﻿00:00 +0: loading D:/Projects/Vs_Projects/Flutter_Projects/first_projects - Copy - Copy/test/widget_test.dart
00:00 +0: Home screen renders navigation items
ΓòÉΓòÉΓòí EXCEPTION CAUGHT BY WIDGETS LIBRARY Γò₧ΓòÉΓòÉΓòÉΓòÉΓòÉΓòÉΓòÉΓòÉΓòÉΓòÉΓòÉΓòÉΓòÉΓòÉΓòÉΓòÉΓòÉΓòÉΓòÉΓòÉΓòÉΓòÉΓòÉΓòÉΓòÉΓòÉΓòÉΓòÉΓòÉΓòÉΓòÉΓòÉΓòÉΓòÉΓòÉΓòÉΓòÉΓòÉΓòÉΓòÉΓòÉΓòÉΓòÉΓòÉΓòÉΓòÉΓòÉΓòÉΓòÉΓòÉΓòÉΓòÉΓòÉΓòÉΓòÉΓòÉΓòÉΓòÉΓòÉ
The following FirebaseException was thrown building Consumer<WorkoutNutritionProvider>(dirty,
dependencies: [_InheritedProviderScope<WorkoutNutritionProvider?>]):
[core/no-app] No Firebase App '[DEFAULT]' has been created - call Firebase.initializeApp()

The relevant error-causing widget was:
  Consumer<WorkoutNutritionProvider>
  Consumer:file:///D:/Projects/Vs_Projects/Flutter_Projects/first_projects%20-%20Copy%20-%20Copy/lib/Screens/workout_screen.dart:18:12

When the exception was thrown, this was the stack:
#0      MethodChannelFirebase.app (package:firebase_core_platform_interface/src/method_channel/method_channel_firebase.dart:190:5)
#1      Firebase.app (package:firebase_core/src/firebase.dart:79:41)
#2      FirebaseFirestore.instance (package:cloud_firestore/src/firestore.dart:33:21)
#3      new DatabaseService (package:first_projects/services/database_service.dart:13:51)
#4      new WorkoutRepository (package:first_projects/repositories/workout_repository.dart:5:44)
#5      new WorkoutNutritionProvider (package:first_projects/providers/workout_nutrition_provider.dart:16:19)
#6      main.<anonymous closure>.<anonymous closure> (file:///D:/Projects/Vs_Projects/Flutter_Projects/first_projects%20-%20Copy%20-%20Copy/test/widget_test.dart:19:49)
#7      _CreateInheritedProviderState.value (package:provider/src/inherited_provider.dart:749:36)
#8      _InheritedProviderScopeElement.value (package:provider/src/inherited_provider.dart:603:33)
#9      Provider.of (package:provider/src/provider.dart:337:37)
#10     Consumer.buildWithChild (package:provider/src/consumer.dart:181:16)
#11     SingleChildStatelessWidget.build (package:nested/nested.dart:259:41)
#12     StatelessElement.build (package:flutter/src/widgets/framework.dart:5889:49)
#13     SingleChildStatelessElement.build (package:nested/nested.dart:279:18)
#14     ComponentElement.performRebuild (package:flutter/src/widgets/framework.dart:5817:15)
#15     Element.rebuild (package:flutter/src/widgets/framework.dart:5529:7)
#16     ComponentElement._firstBuild (package:flutter/src/widgets/framework.dart:5799:5)
#17     ComponentElement.mount (package:flutter/src/widgets/framework.dart:5793:5)
#18     SingleChildWidgetElementMixin.mount (package:nested/nested.dart:222:11)
...     Normal element mounting (45 frames)
#63     Element.inflateWidget (package:flutter/src/widgets/framework.dart:4587:20)
#64     MultiChildRenderObjectElement.inflateWidget (package:flutter/src/widgets/framework.dart:7264:36)
#65     MultiChildRenderObjectElement.mount (package:flutter/src/widgets/framework.dart:7279:32)
...     Normal element mounting (31 frames)
#96     Element.inflateWidget (package:flutter/src/widgets/framework.dart:4587:20)
#97     MultiChildRenderObjectElement.inflateWidget (package:flutter/src/widgets/framework.dart:7264:36)
#98     MultiChildRenderObjectElement.mount (package:flutter/src/widgets/framework.dart:7279:32)
...     Normal element mounting (372 frames)
#470    Element.inflateWidget (package:flutter/src/widgets/framework.dart:4587:20)
#471    MultiChildRenderObjectElement.inflateWidget (package:flutter/src/widgets/framework.dart:7264:36)
#472    MultiChildRenderObjectElement.mount (package:flutter/src/widgets/framework.dart:7279:32)
...     Normal element mounting (473 frames)
#945    _InheritedProviderScopeElement.mount (package:provider/src/inherited_provider.dart:424:11)
...     Normal element mounting (7 frames)
#952    _InheritedProviderScopeElement.mount (package:provider/src/inherited_provider.dart:424:11)
...     Normal element mounting (7 frames)
#959    _InheritedProviderScopeElement.mount (package:provider/src/inherited_provider.dart:424:11)
...     Normal element mounting (7 frames)
#966    SingleChildWidgetElementMixin.mount (package:nested/nested.dart:222:11)
...     Normal element mounting (7 frames)
#973    _NestedHookElement.mount (package:nested/nested.dart:187:11)
...     Normal element mounting (7 frames)
#980    SingleChildWidgetElementMixin.mount (package:nested/nested.dart:222:11)
#981    Element.inflateWidget (package:flutter/src/widgets/framework.dart:4587:20)
#982    Element.updateChild (package:flutter/src/widgets/framework.dart:4053:20)
#983    ComponentElement.performRebuild (package:flutter/src/widgets/framework.dart:5841:16)
#984    Element.rebuild (package:flutter/src/widgets/framework.dart:5529:7)
#985    ProxyElement.update (package:flutter/src/widgets/framework.dart:6149:5)
#986    _InheritedNotifierElement.update (package:flutter/src/widgets/inherited_notifier.dart:108:11)
#987    Element.updateChild (package:flutter/src/widgets/framework.dart:4037:15)
#988    ComponentElement.performRebuild (package:flutter/src/widgets/framework.dart:5841:16)
#989    StatefulElement.performRebuild (package:flutter/src/widgets/framework.dart:5982:11)
#990    Element.rebuild (package:flutter/src/widgets/framework.dart:5529:7)
#991    StatefulElement.update (package:flutter/src/widgets/framework.dart:6007:5)
#992    Element.updateChild (package:flutter/src/widgets/framework.dart:4037:15)
#993    ComponentElement.performRebuild (package:flutter/src/widgets/framework.dart:5841:16)
#994    Element.rebuild (package:flutter/src/widgets/framework.dart:5529:7)
#995    ProxyElement.update (package:flutter/src/widgets/framework.dart:6149:5)
#996    _InheritedNotifierElement.update (package:flutter/src/widgets/inherited_notifier.dart:108:11)
#997    Element.updateChild (package:flutter/src/widgets/framework.dart:4037:15)
#998    ComponentElement.performRebuild (package:flutter/src/widgets/framework.dart:5841:16)
#999    StatefulElement.performRebuild (package:flutter/src/widgets/framework.dart:5982:11)
#1000   Element.rebuild (package:flutter/src/widgets/framework.dart:5529:7)
#1001   StatefulElement.update (package:flutter/src/widgets/framework.dart:6007:5)
#1002   Element.updateChild (package:flutter/src/widgets/framework.dart:4037:15)
#1003   ComponentElement.performRebuild (package:flutter/src/widgets/framework.dart:5841:16)
#1004   StatefulElement.performRebuild (package:flutter/src/widgets/framework.dart:5982:11)
#1005   Element.rebuild (package:flutter/src/widgets/framework.dart:5529:7)
#1006   StatefulElement.update (package:flutter/src/widgets/framework.dart:6007:5)
#1007   Element.updateChild (package:flutter/src/widgets/framework.dart:4037:15)
#1008   ComponentElement.performRebuild (package:flutter/src/widgets/framework.dart:5841:16)
#1009   Element.rebuild (package:flutter/src/widgets/framework.dart:5529:7)
#1010   ProxyElement.update (package:flutter/src/widgets/framework.dart:6149:5)
#1011   Element.updateChild (package:flutter/src/widgets/framework.dart:4037:15)
#1012   ComponentElement.performRebuild (package:flutter/src/widgets/framework.dart:5841:16)
#1013   StatefulElement.performRebuild (package:flutter/src/widgets/framework.dart:5982:11)
#1014   Element.rebuild (package:flutter/src/widgets/framework.dart:5529:7)
#1015   StatefulElement.update (package:flutter/src/widgets/framework.dart:6007:5)
#1016   Element.updateChild (package:flutter/src/widgets/framework.dart:4037:15)
#1017   ComponentElement.performRebuild (package:flutter/src/widgets/framework.dart:5841:16)
#1018   Element.rebuild (package:flutter/src/widgets/framework.dart:5529:7)
#1019   ProxyElement.update (package:flutter/src/widgets/framework.dart:6149:5)
#1020   Element.updateChild (package:flutter/src/widgets/framework.dart:4037:15)
#1021   ComponentElement.performRebuild (package:flutter/src/widgets/framework.dart:5841:16)
#1022   Element.rebuild (package:flutter/src/widgets/framework.dart:5529:7)
#1023   ProxyElement.update (package:flutter/src/widgets/framework.dart:6149:5)
#1024   Element.updateChild (package:flutter/src/widgets/framework.dart:4037:15)
#1025   _RawViewElement._updateChild (package:flutter/src/widgets/view.dart:481:16)
#1026   _RawViewElement.update (package:flutter/src/widgets/view.dart:568:5)
#1027   Element.updateChild (package:flutter/src/widgets/framework.dart:4037:15)
#1028   ComponentElement.performRebuild (package:flutter/src/widgets/framework.dart:5841:16)
#1029   Element.rebuild (package:flutter/src/widgets/framework.dart:5529:7)
#1030   StatelessElement.update (package:flutter/src/widgets/framework.dart:5895:5)
#1031   Element.updateChild (package:flutter/src/widgets/framework.dart:4037:15)
#1032   ComponentElement.performRebuild (package:flutter/src/widgets/framework.dart:5841:16)
#1033   StatefulElement.performRebuild (package:flutter/src/widgets/framework.dart:5982:11)
#1034   Element.rebuild (package:flutter/src/widgets/framework.dart:5529:7)
#1035   StatefulElement.update (package:flutter/src/widgets/framework.dart:6007:5)
#1036   Element.updateChild (package:flutter/src/widgets/framework.dart:4037:15)
#1037   RootElement._rebuild (package:flutter/src/widgets/binding.dart:1822:16)
#1038   RootElement.update (package:flutter/src/widgets/binding.dart:1800:5)
#1039   RootElement.performRebuild (package:flutter/src/widgets/binding.dart:1814:7)
#1040   Element.rebuild (package:flutter/src/widgets/framework.dart:5529:7)
#1041   BuildScope._tryRebuild (package:flutter/src/widgets/framework.dart:2750:15)
#1042   BuildScope._flushDirtyElements (package:flutter/src/widgets/framework.dart:2807:11)
#1043   BuildOwner.buildScope (package:flutter/src/widgets/framework.dart:3111:18)
#1044   AutomatedTestWidgetsFlutterBinding.drawFrame (package:flutter_test/src/binding.dart:2131:19)
#1045   RendererBinding._handlePersistentFrameCallback (package:flutter/src/rendering/binding.dart:495:5)
#1046   SchedulerBinding._invokeFrameCallback (package:flutter/src/scheduler/binding.dart:1430:15)
#1047   SchedulerBinding.handleDrawFrame (package:flutter/src/scheduler/binding.dart:1345:9)
#1048   AutomatedTestWidgetsFlutterBinding.pump.<anonymous closure> (package:flutter_test/src/binding.dart:1960:9)
#1051   TestAsyncUtils.guard (package:flutter_test/src/test_async_utils.dart:74:41)
#1052   AutomatedTestWidgetsFlutterBinding.pump (package:flutter_test/src/binding.dart:1949:27)
#1053   WidgetTester.pumpWidget.<anonymous closure> (package:flutter_test/src/widget_tester.dart:598:22)
#1056   TestAsyncUtils.guard (package:flutter_test/src/test_async_utils.dart:74:41)
#1057   WidgetTester.pumpWidget (package:flutter_test/src/widget_tester.dart:595:27)
#1058   main.<anonymous closure> (file:///D:/Projects/Vs_Projects/Flutter_Projects/first_projects%20-%20Copy%20-%20Copy/test/widget_test.dart:14:18)
#1059   testWidgets.<anonymous closure>.<anonymous closure> (package:flutter_test/src/widget_tester.dart:192:29)
<asynchronous suspension>
#1060   TestWidgetsFlutterBinding._runTestBody (package:flutter_test/src/binding.dart:1682:5)
<asynchronous suspension>
<asynchronous suspension>
(elided 5 frames from dart:async and package:stack_trace)

ΓòÉΓòÉΓòÉΓòÉΓòÉΓòÉΓòÉΓòÉΓòÉΓòÉΓòÉΓòÉΓòÉΓòÉΓòÉΓòÉΓòÉΓòÉΓòÉΓòÉΓòÉΓòÉΓòÉΓòÉΓòÉΓòÉΓòÉΓòÉΓòÉΓòÉΓòÉΓòÉΓòÉΓòÉΓòÉΓòÉΓòÉΓòÉΓòÉΓòÉΓòÉΓòÉΓòÉΓòÉΓòÉΓòÉΓòÉΓòÉΓòÉΓòÉΓòÉΓòÉΓòÉΓòÉΓòÉΓòÉΓòÉΓòÉΓòÉΓòÉΓòÉΓòÉΓòÉΓòÉΓòÉΓòÉΓòÉΓòÉΓòÉΓòÉΓòÉΓòÉΓòÉΓòÉΓòÉΓòÉΓòÉΓòÉΓòÉΓòÉΓòÉΓòÉΓòÉΓòÉΓòÉΓòÉΓòÉΓòÉΓòÉΓòÉΓòÉΓòÉΓòÉΓòÉΓòÉΓòÉΓòÉΓòÉΓòÉΓòÉ
00:00 +0 -1: Home screen renders navigation items [E]
  Test failed. See exception logs above.
  The test description was: Home screen renders navigation items
  
00:00 +0 -1: Some tests failed.
